
         /\      Grafana   /‾‾/
    /\  /  \     |\  __   /  /
   /  \/    \    | |/ /  /   ‾‾\
  /          \   |   (  |  (‾)  |
 / __________ \  |_|\_\  \_____/


     execution: local
        script: /bench/k6-cloud-load.js
        output: json (/bench/results/03-azure-k6.json)

     scenarios: (100.00%) 1 scenario, 20 max VUs, 2m10s max duration (incl. graceful stop):
              * default: Up to 20 looping VUs for 1m40s over 3 stages (gracefulRampDown: 30s, gracefulStop: 30s)


running (0m01.0s), 01/20 VUs, 9 complete and 0 interrupted iterations
default   [   1% ] 01/20 VUs  0m01.0s/1m40.0s

running (0m02.0s), 01/20 VUs, 20 complete and 0 interrupted iterations
default   [   2% ] 01/20 VUs  0m02.0s/1m40.0s

running (0m03.0s), 02/20 VUs, 38 complete and 0 interrupted iterations
default   [   3% ] 02/20 VUs  0m03.0s/1m40.0s

running (0m04.0s), 02/20 VUs, 61 complete and 0 interrupted iterations
default   [   4% ] 02/20 VUs  0m04.0s/1m40.0s

running (0m05.0s), 03/20 VUs, 85 complete and 0 interrupted iterations
default   [   5% ] 03/20 VUs  0m05.0s/1m40.0s

running (0m06.0s), 03/20 VUs, 115 complete and 0 interrupted iterations
default   [   6% ] 03/20 VUs  0m06.0s/1m40.0s

running (0m07.0s), 04/20 VUs, 144 complete and 0 interrupted iterations
default   [   7% ] 04/20 VUs  0m07.0s/1m40.0s

running (0m08.0s), 04/20 VUs, 182 complete and 0 interrupted iterations
default   [   8% ] 04/20 VUs  0m08.0s/1m40.0s

running (0m09.0s), 05/20 VUs, 225 complete and 0 interrupted iterations
default   [   9% ] 05/20 VUs  0m09.0s/1m40.0s

running (0m10.0s), 05/20 VUs, 270 complete and 0 interrupted iterations
default   [  10% ] 05/20 VUs  0m10.0s/1m40.0s

running (0m11.0s), 05/20 VUs, 315 complete and 0 interrupted iterations
default   [  11% ] 05/20 VUs  0m11.0s/1m40.0s

running (0m12.0s), 06/20 VUs, 358 complete and 0 interrupted iterations
default   [  12% ] 06/20 VUs  0m12.0s/1m40.0s

running (0m13.0s), 06/20 VUs, 399 complete and 0 interrupted iterations
default   [  13% ] 06/20 VUs  0m13.0s/1m40.0s

running (0m14.0s), 07/20 VUs, 456 complete and 0 interrupted iterations
default   [  14% ] 07/20 VUs  0m14.0s/1m40.0s

running (0m15.0s), 07/20 VUs, 516 complete and 0 interrupted iterations
default   [  15% ] 07/20 VUs  0m15.0s/1m40.0s

running (0m16.0s), 08/20 VUs, 573 complete and 0 interrupted iterations
default   [  16% ] 08/20 VUs  0m16.0s/1m40.0s

running (0m17.0s), 08/20 VUs, 645 complete and 0 interrupted iterations
default   [  17% ] 08/20 VUs  0m17.0s/1m40.0s

running (0m18.0s), 09/20 VUs, 710 complete and 0 interrupted iterations
default   [  18% ] 09/20 VUs  0m18.0s/1m40.0s

running (0m19.0s), 09/20 VUs, 787 complete and 0 interrupted iterations
default   [  19% ] 09/20 VUs  0m19.0s/1m40.0s

running (0m20.0s), 09/20 VUs, 860 complete and 0 interrupted iterations
default   [  20% ] 09/20 VUs  0m20.0s/1m40.0s

running (0m21.0s), 10/20 VUs, 931 complete and 0 interrupted iterations
default   [  21% ] 10/20 VUs  0m21.0s/1m40.0s

running (0m22.0s), 10/20 VUs, 1014 complete and 0 interrupted iterations
default   [  22% ] 10/20 VUs  0m22.0s/1m40.0s

running (0m23.0s), 10/20 VUs, 1086 complete and 0 interrupted iterations
default   [  23% ] 10/20 VUs  0m23.0s/1m40.0s

running (0m24.0s), 10/20 VUs, 1172 complete and 0 interrupted iterations
default   [  24% ] 10/20 VUs  0m24.0s/1m40.0s

running (0m25.0s), 10/20 VUs, 1249 complete and 0 interrupted iterations
default   [  25% ] 10/20 VUs  0m25.0s/1m40.0s

running (0m26.0s), 10/20 VUs, 1332 complete and 0 interrupted iterations
default   [  26% ] 10/20 VUs  0m26.0s/1m40.0s

running (0m27.0s), 11/20 VUs, 1400 complete and 0 interrupted iterations
default   [  27% ] 11/20 VUs  0m27.0s/1m40.0s

running (0m28.0s), 11/20 VUs, 1461 complete and 0 interrupted iterations
default   [  28% ] 11/20 VUs  0m28.0s/1m40.0s

running (0m29.0s), 11/20 VUs, 1550 complete and 0 interrupted iterations
default   [  29% ] 11/20 VUs  0m29.0s/1m40.0s

running (0m30.0s), 11/20 VUs, 1635 complete and 0 interrupted iterations
default   [  30% ] 11/20 VUs  0m30.0s/1m40.0s

running (0m31.0s), 11/20 VUs, 1702 complete and 0 interrupted iterations
default   [  31% ] 11/20 VUs  0m31.0s/1m40.0s

running (0m32.0s), 11/20 VUs, 1789 complete and 0 interrupted iterations
default   [  32% ] 11/20 VUs  0m32.0s/1m40.0s

running (0m33.0s), 12/20 VUs, 1871 complete and 0 interrupted iterations
default   [  33% ] 12/20 VUs  0m33.0s/1m40.0s

running (0m34.0s), 12/20 VUs, 1951 complete and 0 interrupted iterations
default   [  34% ] 12/20 VUs  0m34.0s/1m40.0s

running (0m35.0s), 12/20 VUs, 2033 complete and 0 interrupted iterations
default   [  35% ] 12/20 VUs  0m35.0s/1m40.0s

running (0m36.0s), 12/20 VUs, 2119 complete and 0 interrupted iterations
default   [  36% ] 12/20 VUs  0m36.0s/1m40.0s

running (0m37.0s), 12/20 VUs, 2190 complete and 0 interrupted iterations
default   [  37% ] 12/20 VUs  0m37.0s/1m40.0s

running (0m38.0s), 12/20 VUs, 2280 complete and 0 interrupted iterations
default   [  38% ] 12/20 VUs  0m38.0s/1m40.0s

running (0m39.0s), 13/20 VUs, 2376 complete and 0 interrupted iterations
default   [  39% ] 13/20 VUs  0m39.0s/1m40.0s

running (0m40.0s), 13/20 VUs, 2469 complete and 0 interrupted iterations
default   [  40% ] 13/20 VUs  0m40.0s/1m40.0s

running (0m41.0s), 13/20 VUs, 2553 complete and 0 interrupted iterations
default   [  41% ] 13/20 VUs  0m41.0s/1m40.0s

running (0m42.0s), 13/20 VUs, 2646 complete and 0 interrupted iterations
default   [  42% ] 13/20 VUs  0m42.0s/1m40.0s

running (0m43.0s), 13/20 VUs, 2724 complete and 0 interrupted iterations
default   [  43% ] 13/20 VUs  0m43.0s/1m40.0s

running (0m44.0s), 13/20 VUs, 2807 complete and 0 interrupted iterations
default   [  44% ] 13/20 VUs  0m44.0s/1m40.0s

running (0m45.0s), 14/20 VUs, 2897 complete and 0 interrupted iterations
default   [  45% ] 14/20 VUs  0m45.0s/1m40.0s

running (0m46.0s), 14/20 VUs, 2992 complete and 0 interrupted iterations
default   [  46% ] 14/20 VUs  0m46.0s/1m40.0s

running (0m47.0s), 14/20 VUs, 3073 complete and 0 interrupted iterations
default   [  47% ] 14/20 VUs  0m47.0s/1m40.0s

running (0m48.0s), 14/20 VUs, 3166 complete and 0 interrupted iterations
default   [  48% ] 14/20 VUs  0m48.0s/1m40.0s

running (0m49.0s), 14/20 VUs, 3254 complete and 0 interrupted iterations
default   [  49% ] 14/20 VUs  0m49.0s/1m40.0s

running (0m50.0s), 14/20 VUs, 3323 complete and 0 interrupted iterations
default   [  50% ] 14/20 VUs  0m50.0s/1m40.0s

running (0m51.0s), 15/20 VUs, 3404 complete and 0 interrupted iterations
default   [  51% ] 15/20 VUs  0m51.0s/1m40.0s

running (0m52.0s), 15/20 VUs, 3489 complete and 0 interrupted iterations
default   [  52% ] 15/20 VUs  0m52.0s/1m40.0s

running (0m53.0s), 15/20 VUs, 3585 complete and 0 interrupted iterations
default   [  53% ] 15/20 VUs  0m53.0s/1m40.0s

running (0m54.0s), 15/20 VUs, 3675 complete and 0 interrupted iterations
default   [  54% ] 15/20 VUs  0m54.0s/1m40.0s

running (0m55.0s), 15/20 VUs, 3768 complete and 0 interrupted iterations
default   [  55% ] 15/20 VUs  0m55.0s/1m40.0s

running (0m56.0s), 15/20 VUs, 3863 complete and 0 interrupted iterations
default   [  56% ] 15/20 VUs  0m56.0s/1m40.0s

running (0m57.0s), 16/20 VUs, 3950 complete and 0 interrupted iterations
default   [  57% ] 16/20 VUs  0m57.0s/1m40.0s

running (0m58.0s), 16/20 VUs, 4041 complete and 0 interrupted iterations
default   [  58% ] 16/20 VUs  0m58.0s/1m40.0s

running (0m59.0s), 16/20 VUs, 4131 complete and 0 interrupted iterations
default   [  59% ] 16/20 VUs  0m59.0s/1m40.0s

running (1m00.0s), 16/20 VUs, 4211 complete and 0 interrupted iterations
default   [  60% ] 16/20 VUs  1m00.0s/1m40.0s

running (1m01.0s), 16/20 VUs, 4302 complete and 0 interrupted iterations
default   [  61% ] 16/20 VUs  1m01.0s/1m40.0s

running (1m02.0s), 16/20 VUs, 4397 complete and 0 interrupted iterations
default   [  62% ] 16/20 VUs  1m02.0s/1m40.0s

running (1m03.0s), 17/20 VUs, 4493 complete and 0 interrupted iterations
default   [  63% ] 17/20 VUs  1m03.0s/1m40.0s

running (1m04.0s), 17/20 VUs, 4584 complete and 0 interrupted iterations
default   [  64% ] 17/20 VUs  1m04.0s/1m40.0s

running (1m05.0s), 17/20 VUs, 4675 complete and 0 interrupted iterations
default   [  65% ] 17/20 VUs  1m05.0s/1m40.0s

running (1m06.0s), 17/20 VUs, 4770 complete and 0 interrupted iterations
default   [  66% ] 17/20 VUs  1m06.0s/1m40.0s

running (1m07.0s), 17/20 VUs, 4850 complete and 0 interrupted iterations
default   [  67% ] 17/20 VUs  1m07.0s/1m40.0s

running (1m08.0s), 17/20 VUs, 4915 complete and 0 interrupted iterations
default   [  68% ] 17/20 VUs  1m08.0s/1m40.0s

running (1m09.0s), 18/20 VUs, 5002 complete and 0 interrupted iterations
default   [  69% ] 18/20 VUs  1m09.0s/1m40.0s

running (1m10.0s), 18/20 VUs, 5091 complete and 0 interrupted iterations
default   [  70% ] 18/20 VUs  1m10.0s/1m40.0s

running (1m11.0s), 18/20 VUs, 5172 complete and 0 interrupted iterations
default   [  71% ] 18/20 VUs  1m11.0s/1m40.0s

running (1m12.0s), 18/20 VUs, 5260 complete and 0 interrupted iterations
default   [  72% ] 18/20 VUs  1m12.0s/1m40.0s

running (1m13.0s), 18/20 VUs, 5350 complete and 0 interrupted iterations
default   [  73% ] 18/20 VUs  1m13.0s/1m40.0s

running (1m14.0s), 18/20 VUs, 5419 complete and 0 interrupted iterations
default   [  74% ] 18/20 VUs  1m14.0s/1m40.0s

running (1m15.0s), 19/20 VUs, 5501 complete and 0 interrupted iterations
default   [  75% ] 19/20 VUs  1m15.0s/1m40.0s

running (1m16.0s), 19/20 VUs, 5588 complete and 0 interrupted iterations
default   [  76% ] 19/20 VUs  1m16.0s/1m40.0s

running (1m17.0s), 19/20 VUs, 5665 complete and 0 interrupted iterations
default   [  77% ] 19/20 VUs  1m17.0s/1m40.0s

running (1m18.0s), 19/20 VUs, 5754 complete and 0 interrupted iterations
default   [  78% ] 19/20 VUs  1m18.0s/1m40.0s

running (1m19.0s), 19/20 VUs, 5849 complete and 0 interrupted iterations
default   [  79% ] 19/20 VUs  1m19.0s/1m40.0s

running (1m20.0s), 19/20 VUs, 5941 complete and 0 interrupted iterations
default   [  80% ] 19/20 VUs  1m20.0s/1m40.0s

running (1m21.0s), 20/20 VUs, 6033 complete and 0 interrupted iterations
default   [  81% ] 20/20 VUs  1m21.0s/1m40.0s

running (1m22.0s), 19/20 VUs, 6126 complete and 0 interrupted iterations
default   [  82% ] 19/20 VUs  1m22.0s/1m40.0s

running (1m23.0s), 18/20 VUs, 6222 complete and 0 interrupted iterations
default   [  83% ] 18/20 VUs  1m23.0s/1m40.0s

running (1m24.0s), 17/20 VUs, 6315 complete and 0 interrupted iterations
default   [  84% ] 17/20 VUs  1m24.0s/1m40.0s

running (1m25.0s), 16/20 VUs, 6405 complete and 0 interrupted iterations
default   [  85% ] 16/20 VUs  1m25.0s/1m40.0s

running (1m26.0s), 15/20 VUs, 6493 complete and 0 interrupted iterations
default   [  86% ] 15/20 VUs  1m26.0s/1m40.0s

running (1m27.0s), 14/20 VUs, 6579 complete and 0 interrupted iterations
default   [  87% ] 14/20 VUs  1m27.0s/1m40.0s

running (1m28.0s), 13/20 VUs, 6662 complete and 0 interrupted iterations
default   [  88% ] 13/20 VUs  1m28.0s/1m40.0s

running (1m29.0s), 12/20 VUs, 6753 complete and 0 interrupted iterations
default   [  89% ] 12/20 VUs  1m29.0s/1m40.0s

running (1m30.0s), 11/20 VUs, 6850 complete and 0 interrupted iterations
default   [  90% ] 11/20 VUs  1m30.0s/1m40.0s

running (1m31.0s), 10/20 VUs, 6946 complete and 0 interrupted iterations
default   [  91% ] 10/20 VUs  1m31.0s/1m40.0s

running (1m32.0s), 09/20 VUs, 7046 complete and 0 interrupted iterations
default   [  92% ] 09/20 VUs  1m32.0s/1m40.0s

running (1m33.0s), 08/20 VUs, 7142 complete and 0 interrupted iterations
default   [  93% ] 08/20 VUs  1m33.0s/1m40.0s

running (1m34.0s), 07/20 VUs, 7234 complete and 0 interrupted iterations
default   [  94% ] 07/20 VUs  1m34.0s/1m40.0s

running (1m35.0s), 06/20 VUs, 7306 complete and 0 interrupted iterations
default   [  95% ] 06/20 VUs  1m35.0s/1m40.0s

running (1m36.0s), 05/20 VUs, 7372 complete and 0 interrupted iterations
default   [  96% ] 05/20 VUs  1m36.0s/1m40.0s

running (1m37.0s), 04/20 VUs, 7423 complete and 0 interrupted iterations
default   [  97% ] 04/20 VUs  1m37.0s/1m40.0s

running (1m38.0s), 03/20 VUs, 7463 complete and 0 interrupted iterations
default   [  98% ] 03/20 VUs  1m38.0s/1m40.0s

running (1m39.0s), 02/20 VUs, 7492 complete and 0 interrupted iterations
default   [  99% ] 02/20 VUs  1m39.0s/1m40.0s

running (1m40.0s), 01/20 VUs, 7506 complete and 0 interrupted iterations
default   [ 100% ] 01/20 VUs  1m40.0s/1m40.0s


  █ THRESHOLDS

    http_req_duration
    ✓ 'p(95)<1500' p(95)=258.2ms
    ✓ 'p(99)<3000' p(99)=341.58ms

    http_req_failed
    ✓ 'rate<0.01' rate=0.00%


  █ TOTAL RESULTS

    CUSTOM
    cloud_transfer_latency_ms......: avg=135.960734 min=43.898002 med=124.25803 max=609.687297 p(90)=224.307258 p(95)=258.205531
    cloud_transfers_success........: 7508   75.024155/s

    HTTP
    http_req_duration..............: avg=135.96ms   min=43.89ms   med=124.25ms  max=609.68ms   p(90)=224.3ms    p(95)=258.2ms
      { expected_response:true }...: avg=135.96ms   min=43.89ms   med=124.25ms  max=609.68ms   p(90)=224.3ms    p(95)=258.2ms
    http_req_failed................: 0.00%  0 out of 7508
    http_reqs......................: 7508   75.024155/s

    EXECUTION
    iteration_duration.............: avg=157.29ms   min=64.79ms   med=146.11ms  max=630.34ms   p(90)=245.63ms   p(95)=279.83ms
    iterations.....................: 7508   75.024155/s
    vus............................: 1      min=1         max=20
    vus_max........................: 20     min=20        max=20

    NETWORK
    data_received..................: 5.7 MB 57 kB/s
    data_sent......................: 4.1 MB 41 kB/s




running (1m40.1s), 00/20 VUs, 7508 complete and 0 interrupted iterations
default ✓ [ 100% ] 00/20 VUs  1m40s
