=== 1. Checking Service Health ===
{"status":"UP","components":{"db":{"status":"UP","details":{"database":"PostgreSQL","validationQuery":"isValid()"}},"diskSpace":{"status":"UP","details":{"total":31025332224,"free":27471114240,"threshold":10485760,"path":"/app/.","exists":true}},"ping":{"status":"UP"},"ssl":{"status":"UP","details":{"validChains":[],"invalidChains":[]}}}}
Ledger Service is UP.
=== 2. Creating Customer Accounts ===
Created Account A: 8c8ba8ed-f318-43ec-9c64-80f044dc6711
Created Account B: f05e10ef-75a1-4fa0-a84e-e3b169b2cfab
=== 3. Creating Overdraft Funding Account ===
Created Funding Account (Overdraft allowed): bcbde3c9-fd5b-4767-9af6-ac5cd399f8cc
=== 4. Funding Account A from Funding Account ===
{"transactionId":"6d168085-1146-4223-9917-f5d9741efd1e","idempotencyKey":"fund-17852","status":"POSTED","createdAt":1790515390.038529897,"postings":[{"id":1,"accountId":"bcbde3c9-fd5b-4767-9af6-ac5cd399f8cc","amountMinor":-50000,"currency":"USD","createdAt":1790515390.038530000},{"id":2,"accountId":"8c8ba8ed-f318-43ec-9c64-80f044dc6711","amountMinor":50000,"currency":"USD","createdAt":1790515390.038530000}],"idempotentReplay":false}Funded Account A with 50,000 minor units ($500.00).
=== 5. Transferring from Account A to Account B ===
Transfer response: {"transactionId":"b2922020-74c8-4775-b1fe-13746c76506a","idempotencyKey":"tx-10946","status":"POSTED","createdAt":1790515390.245668411,"postings":[{"id":3,"accountId":"8c8ba8ed-f318-43ec-9c64-80f044dc6711","amountMinor":-12500,"currency":"USD","createdAt":1790515390.245668000},{"id":4,"accountId":"f05e10ef-75a1-4fa0-a84e-e3b169b2cfab","amountMinor":12500,"currency":"USD","createdAt":1790515390.245668000}],"idempotentReplay":false}
=== 6. Testing Idempotent Replay ===
Replay response verified (same key + same payload).
=== 7. Verifying Account Balances ===
Account A balance: 37500 (Expected: 37500)
Account B balance: 12500 (Expected: 12500)
>>> Balance verification PASSED! <<<
=== 8. Verifying Postings History ===
{"items":[{"id":3,"accountId":"8c8ba8ed-f318-43ec-9c64-80f044dc6711","amountMinor":-12500,"currency":"USD","createdAt":1790515390.245668000},{"id":2,"accountId":"8c8ba8ed-f318-43ec-9c64-80f044dc6711","amountMinor":50000,"currency":"USD","createdAt":1790515390.038530000}],"nextCursor":null}
=== All smoke tests passed successfully! ===
